// Jest Snapshot v1, https://goo.gl/fbAQLP

exports[`App component renders App 1`] = `
<DocumentFragment>
  <div>
    <div
      class="randomColor"
      style="background: rgb(117, 239, 213); color: rgb(119, 232, 67); border-color: #30f90c;"
    >
      <p>
        HELLO
      </p>
      <p>
        WORLD
      </p>
    </div>
  </div>
</DocumentFragment>
`;
